0 verbose cli C:\Program Files\nodejs\node.exe C:\Users\abhi9\AppData\Roaming\npm\node_modules\npm\bin\npm-cli.js
1 info using npm@11.8.0
2 info using node@v24.13.1
3 silly config load:file:C:\Users\abhi9\AppData\Roaming\npm\node_modules\npm\npmrc
4 silly config load:file:C:\Users\abhi9\OneDrive\Documents\Desktop\next_js_project\.npmrc
5 silly config load:file:C:\Users\abhi9\.npmrc
6 silly config load:file:C:\Users\abhi9\AppData\Roaming\npm\etc\npmrc
7 verbose title npm test
8 verbose argv "test"
9 verbose logfile logs-max:10 dir:C:\Users\abhi9\OneDrive\Documents\Desktop\next_js_project\src\.npm-cache\_logs\2026-06-07T20_13_37_156Z-
10 verbose logfile C:\Users\abhi9\OneDrive\Documents\Desktop\next_js_project\src\.npm-cache\_logs\2026-06-07T20_13_37_156Z-debug-0.log
11 silly logfile done cleaning log files
12 verbose stack Error: Missing script: "test"
12 verbose stack
12 verbose stack To see a list of scripts, run:
12 verbose stack   npm run
12 verbose stack     at #run (C:\Users\abhi9\AppData\Roaming\npm\node_modules\npm\lib\commands\run.js:115:13)
12 verbose stack     at async RunScript.exec (C:\Users\abhi9\AppData\Roaming\npm\node_modules\npm\lib\commands\run.js:44:7)
12 verbose stack     at async Npm.exec (C:\Users\abhi9\AppData\Roaming\npm\node_modules\npm\lib\npm.js:208:9)
12 verbose stack     at async module.exports (C:\Users\abhi9\AppData\Roaming\npm\node_modules\npm\lib\cli\entry.js:67:5)
13 error Missing script: "test"
13 error
13 error To see a list of scripts, run:
13 error   npm run
14 verbose cwd C:\Users\abhi9\OneDrive\Documents\Desktop\next_js_project\src
15 verbose os Windows_NT 10.0.26200
16 verbose node v24.13.1
17 verbose npm  v11.8.0
18 verbose exit 1
19 verbose code 1
20 error A complete log of this run can be found in: C:\Users\abhi9\OneDrive\Documents\Desktop\next_js_project\src\.npm-cache\_logs\2026-06-07T20_13_37_156Z-debug-0.log
